[demos.creative-tim.com/bs3/material-dashboard-pro/examples/dashboard.html]
[demos.creative-tim.com/bs3/material-dashboard-pro/assets/img/apple-icon.png]
[demos.creative-tim.com/bs3/material-dashboard-pro/assets/img/favicon.png]
[backblue.gif]
[fade.gif]
[index.html]
[s3.amazonaws.com/creativetim_bucket/products/51/opt_mdp_thumbnail.jpg]
[demos.creative-tim.com/bs3/material-dashboard-pro/assets/css/bootstrap.min.css]
[demos.creative-tim.com/bs3/material-dashboard-pro/assets/css/demo.css]
[maxcdn.bootstrapcdn.com/font-awesome/latest/css/font-awesome.min.css]
[demos.creative-tim.com/bs3/material-dashboard-pro/assets/img/sidebar-1.jpg]
[demos.creative-tim.com/bs3/material-dashboard-pro/assets/css/material-dashboard98f3.css]
[demos.creative-tim.com/bs3/material-dashboard-pro/assets/img/faces/avatar.jpg]
[demos.creative-tim.com/bs3/material-dashboard-pro/examples/pages/pricing.html]
[demos.creative-tim.com/bs3/material-dashboard-pro/examples/pages/rtl.html]
[demos.creative-tim.com/bs3/material-dashboard-pro/examples/pages/timeline.html]
[demos.creative-tim.com/bs3/material-dashboard-pro/examples/pages/login.html]
[demos.creative-tim.com/bs3/material-dashboard-pro/examples/pages/register.html]
[demos.creative-tim.com/bs3/material-dashboard-pro/examples/pages/lock.html]
[demos.creative-tim.com/bs3/material-dashboard-pro/examples/pages/user.html]
[demos.creative-tim.com/bs3/material-dashboard-pro/examples/components/buttons.html]
[demos.creative-tim.com/bs3/material-dashboard-pro/examples/components/grid.html]
[demos.creative-tim.com/bs3/material-dashboard-pro/examples/components/panels.html]
[demos.creative-tim.com/bs3/material-dashboard-pro/examples/components/sweet-alert.html]
[demos.creative-tim.com/bs3/material-dashboard-pro/examples/components/notifications.html]
[demos.creative-tim.com/bs3/material-dashboard-pro/examples/components/icons.html]
[demos.creative-tim.com/bs3/material-dashboard-pro/examples/components/typography.html]
[demos.creative-tim.com/bs3/material-dashboard-pro/examples/forms/regular.html]
[demos.creative-tim.com/bs3/material-dashboard-pro/examples/forms/extended.html]
[demos.creative-tim.com/bs3/material-dashboard-pro/examples/forms/validation.html]
[demos.creative-tim.com/bs3/material-dashboard-pro/examples/forms/wizard.html]
[demos.creative-tim.com/bs3/material-dashboard-pro/examples/tables/regular.html]
[demos.creative-tim.com/bs3/material-dashboard-pro/examples/tables/extended.html]
[demos.creative-tim.com/bs3/material-dashboard-pro/examples/tables/datatables.net.html]
[demos.creative-tim.com/bs3/material-dashboard-pro/examples/maps/google.html]
[demos.creative-tim.com/bs3/material-dashboard-pro/examples/maps/fullscreen.html]
[demos.creative-tim.com/bs3/material-dashboard-pro/examples/maps/vector.html]
[demos.creative-tim.com/bs3/material-dashboard-pro/examples/widgets.html]
[demos.creative-tim.com/bs3/material-dashboard-pro/examples/charts.html]
[demos.creative-tim.com/bs3/material-dashboard-pro/examples/calendar.html]
[demos.creative-tim.com/bs3/material-dashboard-pro/assets/img/flags/US.png]
[demos.creative-tim.com/bs3/material-dashboard-pro/assets/img/flags/DE.png]
[demos.creative-tim.com/bs3/material-dashboard-pro/assets/img/flags/AU.png]
[demos.creative-tim.com/bs3/material-dashboard-pro/assets/img/flags/GB.png]
[demos.creative-tim.com/bs3/material-dashboard-pro/assets/img/flags/RO.png]
[demos.creative-tim.com/bs3/material-dashboard-pro/assets/img/flags/BR.png]
[demos.creative-tim.com/bs3/material-dashboard-pro/assets/img/card-2.jpg]
[demos.creative-tim.com/bs3/material-dashboard-pro/assets/img/card-3.jpg]
[demos.creative-tim.com/bs3/material-dashboard-pro/assets/img/card-1.jpg]
[demos.creative-tim.com/bs3/material-dashboard-pro/assets/img/sidebar-2.jpg]
[demos.creative-tim.com/bs3/material-dashboard-pro/assets/img/sidebar-3.jpg]
[demos.creative-tim.com/bs3/material-dashboard-pro/assets/img/sidebar-4.jpg]
[demos.creative-tim.com/bs3/material-dashboard-pro/assets/js/jquery.min.js]
[demos.creative-tim.com/bs3/material-dashboard-pro/assets/js/bootstrap.min.js]
[demos.creative-tim.com/bs3/material-dashboard-pro/assets/js/material.min.js]
[demos.creative-tim.com/bs3/material-dashboard-pro/assets/js/perfect-scrollbar.jquery.min.js]
[demos.creative-tim.com/bs3/material-dashboard-pro/assets/js/arrive.min.js]
[cdnjs.cloudflare.com/ajax/libs/core-js/2.4.1/core.js]
[demos.creative-tim.com/bs3/material-dashboard-pro/assets/js/jquery.validate.min.js]
[demos.creative-tim.com/bs3/material-dashboard-pro/assets/js/moment.min.js]
[demos.creative-tim.com/bs3/material-dashboard-pro/assets/js/chartist.min.js]
[demos.creative-tim.com/bs3/material-dashboard-pro/assets/js/jquery.bootstrap-wizard.js]
[demos.creative-tim.com/bs3/material-dashboard-pro/assets/js/bootstrap-notify.js]
[demos.creative-tim.com/bs3/material-dashboard-pro/assets/js/jquery.sharrre.js]
[demos.creative-tim.com/bs3/material-dashboard-pro/assets/js/bootstrap-datetimepicker.js]
[demos.creative-tim.com/bs3/material-dashboard-pro/assets/js/jquery-jvectormap.js]
[demos.creative-tim.com/bs3/material-dashboard-pro/assets/js/nouislider.min.js]
[demos.creative-tim.com/bs3/material-dashboard-pro/assets/js/jquery.select-bootstrap.js]
[demos.creative-tim.com/bs3/material-dashboard-pro/assets/js/jquery.datatables.js]
[demos.creative-tim.com/bs3/material-dashboard-pro/assets/js/sweetalert2.js]
[demos.creative-tim.com/bs3/material-dashboard-pro/assets/js/jasny-bootstrap.min.js]
[demos.creative-tim.com/bs3/material-dashboard-pro/assets/js/fullcalendar.min.js]
[demos.creative-tim.com/bs3/material-dashboard-pro/assets/js/jquery.tagsinput.js]
[demos.creative-tim.com/bs3/material-dashboard-pro/assets/js/material-dashboard98f3.js]
[demos.creative-tim.com/bs3/material-dashboard-pro/assets/js/demo.js]
[connect.facebook.net/en_US/fbevents.js]
[demos.creative-tim.com/bs3/material-dashboard-pro/examples/dashboard.html]
[demos.creative-tim.com/bs3/material-dashboard-pro/assets/css/bootstrap.min.css]
[demos.creative-tim.com/bs3/material-dashboard-pro/assets/css/material-dashboard98f3.css]
[demos.creative-tim.com/bs3/material-dashboard-pro/assets/css/demo.css]
[maxcdn.bootstrapcdn.com/font-awesome/latest/css/font-awesome.min.css]
[www.googletagmanager.com/gtm5445.html]
[demos.creative-tim.com/bs3/material-dashboard-pro/assets/img/bg-pricing.jpg]
[demos.creative-tim.com/bs3/material-dashboard-pro/examples/pages/pricing.html]
[cdnjs.cloudflare.com/ajax/libs/bootstrap-rtl/3.4.0/css/bootstrap-rtl.css]
[demos.creative-tim.com/bs3/material-dashboard-pro/assets/img/faces/card-profile1-square.jpg]
[demos.creative-tim.com/bs3/material-dashboard-pro/examples/pages/rtl.html]
[demos.creative-tim.com/bs3/material-dashboard-pro/examples/pages/timeline.html]
[demos.creative-tim.com/bs3/material-dashboard-pro/assets/img/login.jpg]
[demos.creative-tim.com/bs3/material-dashboard-pro/examples/pages/login.html]
[demos.creative-tim.com/bs3/material-dashboard-pro/assets/img/register.jpg]
[demos.creative-tim.com/bs3/material-dashboard-pro/examples/pages/register.html]
[demos.creative-tim.com/bs3/material-dashboard-pro/assets/img/lock.jpg]
[demos.creative-tim.com/bs3/material-dashboard-pro/examples/pages/lock.html]
[demos.creative-tim.com/bs3/material-dashboard-pro/assets/img/faces/marc.jpg]
[demos.creative-tim.com/bs3/material-dashboard-pro/examples/pages/user.html]
[demos.creative-tim.com/bs3/material-dashboard-pro/examples/components/buttons.html]
[demos.creative-tim.com/bs3/material-dashboard-pro/examples/components/grid.html]
[demos.creative-tim.com/bs3/material-dashboard-pro/examples/components/panels.html]
[demos.creative-tim.com/bs3/material-dashboard-pro/examples/components/sweet-alert.html]
[demos.creative-tim.com/bs3/material-dashboard-pro/examples/components/notifications.html]
[demos.creative-tim.com/bs3/material-dashboard-pro/examples/components/icons.html]
[demos.creative-tim.com/bs3/material-dashboard-pro/examples/components/typography.html]
[demos.creative-tim.com/bs3/material-dashboard-pro/examples/forms/regular.html]
[demos.creative-tim.com/cdn-cgi/scripts/5c5dd728/cloudflare-static/email-decode.min.js]
[demos.creative-tim.com/bs3/material-dashboard-pro/assets/img/image_placeholder.jpg]
[demos.creative-tim.com/bs3/material-dashboard-pro/assets/img/placeholder.jpg]
[demos.creative-tim.com/bs3/material-dashboard-pro/examples/forms/extended.html]
[demos.creative-tim.com/bs3/material-dashboard-pro/examples/forms/true]
[demos.creative-tim.com/bs3/material-dashboard-pro/examples/forms/validation.html]
[demos.creative-tim.com/bs3/material-dashboard-pro/assets/img/default-avatar.png]
[demos.creative-tim.com/bs3/material-dashboard-pro/examples/forms/wizard.html]
[demos.creative-tim.com/bs3/material-dashboard-pro/examples/tables/regular.html]
[demos.creative-tim.com/bs3/material-dashboard-pro/assets/img/product1.jpg]
[demos.creative-tim.com/bs3/material-dashboard-pro/assets/img/product2.jpg]
[demos.creative-tim.com/bs3/material-dashboard-pro/assets/img/product3.jpg]
[demos.creative-tim.com/bs3/material-dashboard-pro/examples/tables/extended.html]
[demos.creative-tim.com/bs3/material-dashboard-pro/examples/tables/datatables.net.html]
[demos.creative-tim.com/bs3/material-dashboard-pro/examples/maps/google.html]
[demos.creative-tim.com/bs3/material-dashboard-pro/examples/maps/fullscreen.html]
[demos.creative-tim.com/bs3/material-dashboard-pro/examples/maps/vector.html]
[demos.creative-tim.com/bs3/material-dashboard-pro/examples/widgets.html]
[demos.creative-tim.com/bs3/material-dashboard-pro/examples/charts.html]
[demos.creative-tim.com/bs3/material-dashboard-pro/examples/calendar.html]
[demos.creative-tim.com/bs3/material-dashboard-pro/examples/POST]
[connect.facebook.net/en_US/fbevents.js]
[cdnjs.cloudflare.com/ajax/libs/bootstrap-rtl/3.4.0/css/bootstrap-rtl.css]
[demos.creative-tim.com/bs3/material-dashboard-pro/examples/forms/true.html]
[demos.creative-tim.com/bs3/material-dashboard-pro/examples/POST.html]
